============================= test session starts =============================
platform win32 -- Python 3.13.7, pytest-9.0.1, pluggy-1.6.0 -- C:\Users\USER\nba_predictor_vscode\.venv\Scripts\python.exe
cachedir: .pytest_cache
rootdir: C:\Users\USER\nba_predictor_vscode
configfile: pytest.ini
testpaths: tests
plugins: anyio-4.11.0
collecting ... collected 4 items

tests/test_analyzer.py::test_analyzer_prediction_and_analysis PASSED     [ 25%]
tests/test_cli.py::test_cli_writes_json PASSED                           [ 50%]
tests/test_data_collector.py::test_data_collector_loading PASSED         [ 75%]
tests/test_data_collector.py::test_data_collector_methods PASSED         [100%]

============================== 4 passed in 1.08s ==============================
